// Jest Snapshot v1, https://goo.gl/fbAQLP

exports[`App component starts with a count of 0 1`] = `
<header>
  <div>
    <h1>
      React Typescript Starter
    </h1>
  </div>
</header>
`;
